MPLINK 4.49, Linker
Linker Map File - Created Thu Oct 14 18:43:08 2021

                                 Section Info
                  Section       Type    Address   Location Size(Bytes)
                ---------  ---------  ---------  ---------  ---------
                   .org_0       code   0x000000    program   0x000000
                   .org_1       code   0x000000    program   0x000002
                   .org_2       code   0x000004    program   0x000074
    .config_2007_SOURCE.O       code   0x002007    program   0x000002



                              Program Memory Usage 
                               Start         End      
                           ---------   ---------      
                            0x000000    0x000000      
                            0x000004    0x00003d      
                            0x002007    0x002007      
            60 out of 1094 program addresses used, program memory utilization is 5%



                              Symbols - Sorted by Name
                     Name    Address   Location    Storage File                     
                ---------  ---------  ---------  --------- ---------                
               default_io   0x000005    program     static Z:\home\guilherme\Programming\Hardware\pic16f84a\source.asm
                     init   0x000034    program     static Z:\home\guilherme\Programming\Hardware\pic16f84a\source.asm
                main_loop   0x00002a    program     static Z:\home\guilherme\Programming\Hardware\pic16f84a\source.asm
                     ncmd   0x00001f    program     static Z:\home\guilherme\Programming\Hardware\pic16f84a\source.asm
                  ncmd_io   0x00000d    program     static Z:\home\guilherme\Programming\Hardware\pic16f84a\source.asm
               snd_cmd_io   0x000018    program     static Z:\home\guilherme\Programming\Hardware\pic16f84a\source.asm
                 sndc_cmd   0x000027    program     static Z:\home\guilherme\Programming\Hardware\pic16f84a\source.asm
                 snds_cmd   0x000022    program     static Z:\home\guilherme\Programming\Hardware\pic16f84a\source.asm



                              Symbols - Sorted by Address
                     Name    Address   Location    Storage File                     
                ---------  ---------  ---------  --------- ---------                
               default_io   0x000005    program     static Z:\home\guilherme\Programming\Hardware\pic16f84a\source.asm
                  ncmd_io   0x00000d    program     static Z:\home\guilherme\Programming\Hardware\pic16f84a\source.asm
               snd_cmd_io   0x000018    program     static Z:\home\guilherme\Programming\Hardware\pic16f84a\source.asm
                     ncmd   0x00001f    program     static Z:\home\guilherme\Programming\Hardware\pic16f84a\source.asm
                 snds_cmd   0x000022    program     static Z:\home\guilherme\Programming\Hardware\pic16f84a\source.asm
                 sndc_cmd   0x000027    program     static Z:\home\guilherme\Programming\Hardware\pic16f84a\source.asm
                main_loop   0x00002a    program     static Z:\home\guilherme\Programming\Hardware\pic16f84a\source.asm
                     init   0x000034    program     static Z:\home\guilherme\Programming\Hardware\pic16f84a\source.asm


